// Jest Snapshot v1, https://goo.gl/fbAQLP

exports[`Tests for the Section component renders the section component 1`] = `
.c1 {
  color: #fff;
  background-color: hsl(216,7%,25%);
}

.c0 {
  display: -webkit-box;
  display: -webkit-flex;
  display: -ms-flexbox;
  display: flex;
  -webkit-flex-direction: column;
  -ms-flex-direction: column;
  flex-direction: column;
  -webkit-align-items: center;
  -webkit-box-align: center;
  -ms-flex-align: center;
  align-items: center;
  margin-bottom: 30px;
}

.c2 {
  text-align: center;
  color: #fff;
  font-size: 2.5rem;
  width: 100%;
  margin-bottom: 30px;
  padding: 10px 0;
  background-color: hsl(260,100%,60%);
  box-shadow: 0 10px 10px hsl(216,7%,14%);
}

<section
  class="c0"
  data-testid="section-container"
  style="opacity: 0; transform: translateY(250px) translateZ(0);"
>
  <h2
    class="c1 c2"
    data-testid="section-h2"
  />
</section>
`;
